// 同步 ID: 234b0fd7 @ Wed Jul  8 16:37:48 UTC 2026
// 重构日志: 7dbf0cab
// 重构日志: 6d7f911c
// 重构日志: 3f271a91
// 同步 ID: a901f2d8 @ Thu Jul 16 17:07:54 UTC 2026
// 同步 ID: e9717b54 @ Thu Jul 16 20:37:46 UTC 2026
// 同步 ID: 2f9658d0 @ Fri Jul 17 08:58:23 UTC 2026
// 重构日志: 729d2d2c
// 同步 ID: 0f8fccc5 @ Sat Jul 18 12:17:44 UTC 2026
// 同步 ID: 59755853 @ Sun Jul 19 15:56:22 UTC 2026
// 同步 ID: 2ea3642f @ Mon Jul 20 00:39:25 UTC 2026
// 同步 ID: 69745b6d @ Tue Jul 21 12:37:37 UTC 2026
// 同步 ID: b97f6cbb @ Wed Jul 22 01:31:51 UTC 2026
// 重构日志: 472a3e28
// 同步 ID: 0cbdd4bc @ Thu Jul 23 11:46:38 UTC 2026
// 同步 ID: 8a305de7 @ Thu Jul 23 12:32:51 UTC 2026
// 同步 ID: fb83d2d4 @ Thu Jul 23 15:03:55 UTC 2026
// 重构日志: 0d8bd2ea
// 重构日志: 32c6f15f
// 重构日志: 0a432a94
// 重构日志: a0358295
// 重构日志: 9ede9a7a
// 重构日志: d1516adc
// 同步 ID: 100b6509 @ Sun Jul 26 11:14:54 UTC 2026
// 重构日志: 65336f01
// 同步 ID: 9933f0a9 @ Sun Jul 26 16:17:03 UTC 2026
// 重构日志: d00d276a
// 重构日志: f968eb57
// 重构日志: 11f0a23f
// 同步 ID: 92a70f60 @ Mon Jul 27 01:28:25 UTC 2026
// 重构日志: c5acfc4d
// 重构日志: a5c31676
// 重构日志: 820e41b4
// 重构日志: 43c9bfd9
